./cluster.sh: line 3: dasdasdasdsad: command not found
